Ready for GLSL
Ready for OpenGL 2.0

{
	cocos2d.x.version: cocos2d-x-4.0
	cocos2d.x.compiled_with_profiler: false
	supports_vertex_array_object: true
	cocos2d.x.build_type: DEBUG
	cocos2d.x.compiled_with_gl_state_cache: true
	vendor: ATI Technologies Inc.
	renderer: AMD Radeon 780M Graphics
	max_texture_size: 16384
	version: 4.6.0 Compatibility Profile Context 25.10.30.02.250923
	max_vertex_attributes: 32
	max_texture_units: 160
	max_samples_allowed: 0
	supports_NPOT: true
	supports_ETC1: false
	supports_S3TC: true
	supports_ATITC: false
	supports_PVRTC: false
	supports_BGRA8888: false
	supports_discard_framebuffer: false
	supports_OES_packed_depth_stencil: false
	supports_OES_map_buffer: false
	supports_OES_depth24: false
}


========== Starting EnTT Installation Test ==========
========== EnTT Basic Test ==========
[OK] Registry created
[OK] Created 3 entities: 0, 1, 2
[OK] Components added
[OK] Entity1 position: (100.0, 200.0)
[OK] Updated entity 2: pos=(497.0, 593.0) vel=(-3.0, -7.0)
[OK] Updated entity 0: pos=(105.0, 210.0) vel=(5.0, 10.0)
[OK] View iteration found 2 entities
[OK] Component removal works
[OK] Entity destruction works
[OK] Remaining entities are valid
========== All EnTT Tests Passed! ==========
??EnTT is installed correctly!
========== EnTT Test Complete ==========

========== Starting System Migration Tests ==========
========================================
  EnTT System Migration Test Suite
========================================
========== Testing HealthSystem Migration ==========
[Setup] Created 3 entities with health:
  Entity1: HP=100.0, Invincible=2.0
  Entity2: HP=50.0, Invincible=1.5
  Entity3: HP=75.0, Invincible=0.0
[Frame 1] Updating with delta=1.0s...
[After Frame 1]:
  Entity1: Invincible=1.0 (expected 1.0)
  Entity2: Invincible=0.5 (expected 0.5)
  Entity3: Invincible=0.0 (expected 0.0)
[Frame 2] Updating with delta=0.6s...
[After Frame 2]:
  Entity1: Invincible=0.4 (expected 0.4)
  Entity2: Invincible=-0.1 (expected 0.0)
[ERROR] Second frame calculation incorrect!

========== Testing CombatSystem Migration ==========
[Setup] Warrior attackTimer=1.0, Archer attackTimer=0.5
[After Update] Warrior attackTimer=0.7 (expected 0.7), Archer attackTimer=0.2 (expected 0.2)
[OK] CombatSystem migration test PASSED!
========== Test Complete ==========

========== Testing LifetimeSystem Migration ==========
[Setup] Created 3 entities (2 with lifetime, 1 immortal)
[After 0.3s] Short=1 (expected 1), Long=1 (expected 1), Immortal=1 (expected 1)
[After 0.6s] Short=0 (expected 0), Long=1 (expected 1)
[OK] LifetimeSystem migration test PASSED!
========== Test Complete ==========

========== Testing SystemManager ==========
[Setup] Added 3 systems to manager
[OK] SystemManager test PASSED!
========== Test Complete ==========

========================================
??SOME TESTS FAILED!
========================================
??Some System migrations failed!
========== System Migration Tests Complete ==========
cocos2d: QuadCommand: resizing index size from [-1] to [2560]
cocos2d: fullPathForFilename: No file found at /cc_2x2_white_image. Possible missing file.
